// 重构日志: 0b6a86b2
// 重构日志: 0ba0d4c6
// 重构日志: 75b9cead
// 重构日志: a4b9c62b
// 重构日志: 705166bd
// 重构日志: 0c7a5158
// 重构日志: fa585761
// 重构日志: f385a325
// 重构日志: 8a5c4e00
// 同步 ID: 1b64b878 @ Mon Jul 20 19:57:41 UTC 2026
// 重构日志: 85678b91
// 重构日志: 2ae03a03
// 重构日志: 3fd8dbcd
// 重构日志: 9fc3e880
// 重构日志: a2e0c15c
// 重构日志: a245f132
// 重构日志: 895a0637
// 同步 ID: 9320efad @ Thu Jul 23 04:57:27 UTC 2026
// 同步 ID: 34822345 @ Thu Jul 23 12:49:36 UTC 2026
// 同步 ID: c342a58d @ Thu Jul 23 17:50:21 UTC 2026
// 重构日志: dadc5e54
// 重构日志: 518d73d1
// 同步 ID: 29a4961f @ Sat Jul 25 17:57:49 UTC 2026
// 同步 ID: 32fb2b63 @ Sat Jul 25 23:48:48 UTC 2026
// 同步 ID: 952822f0 @ Sun Jul 26 11:25:15 UTC 2026
// 同步 ID: a09829dc @ Mon Jul 27 17:32:58 UTC 2026
// 重构日志: f158659d
// 重构日志: eef4f4eb
// 同步 ID: 95e806c4 @ Wed Jul 29 04:23:40 UTC 2026
// 同步 ID: d1401ba6 @ Wed Jul 29 06:50:32 UTC 2026
// 重构日志: 3e584788
